D/dalvikvm(   52): GC freed 4912 objects / 312968 bytes in 130ms
I/SystemServer(   52): Starting Content Manager.
I/SyncManager(   52): No initial accounts
I/SyncManager(   52): No initial status
I/SyncManager(   52): No initial pending operations
I/SyncManager(   52): No initial statistics
W/ActivityManager(   52): Unable to start service Intent { act=android.accounts.IAccountsService cmp=com.google.android.googleapps/.GoogleLoginService }: not found
W/AccountMonitor(   52): Couldn't connect to Intent { act=android.accounts.IAccountsService cmp=com.google.android.googleapps/.GoogleLoginService } (Missing service?)
I/SystemServer(   52): Starting System Content Providers.
I/ActivityThread(   52): Publishing provider settings: com.android.providers.settings.SettingsProvider
I/SystemServer(   52): Starting Battery Service.
E/BatteryService(   52): Could not open '/sys/class/power_supply/usb/online'
E/BatteryService(   52): Could not open '/sys/class/power_supply/battery/batt_vol'
E/BatteryService(   52): Could not open '/sys/class/power_supply/battery/batt_temp'
I/SystemServer(   52): Starting Hardware Service.
D/qemud   (   34): fdhandler_accept_event: accepting on fd 10
D/qemud   (   34): created client 0x11008 listening on fd 12
D/qemud   (   34): client_fd_receive: attempting registration for service 'hw-control'
D/qemud   (   34): client_fd_receive:    -> received channel id 3
D/qemud   (   34): client_registration: registration succeeded for client 3
W/HAL     (   52): load: module=/system/lib/hw/lights.goldfish.so error=Cannot load library: load_library[984]: Library '/system/lib/hw/lights.goldfish.so' not found
W/HAL     (   52): load: module=/system/lib/hw/lights.default.so error=Cannot load library: load_library[984]: Library '/system/lib/hw/lights.default.so' not found
I/SystemServer(   52): Starting Alarm Manager.
I/SystemServer(   52): Starting Sensor Service.
D/qemud   (   34): fdhandler_accept_event: accepting on fd 10
D/qemud   (   34): created client 0xc038 listening on fd 13
D/qemud   (   34): client_fd_receive: attempting registration for service 'sensors'
D/qemud   (   34): client_fd_receive:    -> received channel id 4
D/qemud   (   34): client_registration: registration succeeded for client 4
D/qemud   (   34): fdhandler_event: disconnect on fd 13
I/SystemServer(   52): Starting Window Manager.
I/EventHub(   52): New device: path=/dev/input/event0 name=qwerty2 id=0x10000 (of 0x1) index=1 fd=43 classes=0xf
I/EventHub(   52): New keyboard: publicID=65536 device->id=65536 devname='qwerty2' propName='hw.keyboards.65536.devname' keylayout='/system/usr/keylayout/qwerty.kl'
E/EventHub(   52): could not get driver version for /dev/input/mouse0, Not a typewriter
E/EventHub(   52): could not get driver version for /dev/input/mice, Not a typewriter
I/KeyInputQueue(   52): Device added: id=0x0, name=qwerty2, classes=f
I/KeyInputQueue(   52):   X: unknown values
I/KeyInputQueue(   52):   Y: unknown values
I/KeyInputQueue(   52):   Pressure: unknown values
I/KeyInputQueue(   52):   Size: unknown values
D/qemud   (   34): fdhandler_accept_event: accepting on fd 10
D/qemud   (   34): created client 0xc038 listening on fd 13
D/qemud   (   34): client_fd_receive: attempting registration for service 'sensors'
D/qemud   (   34): client_fd_receive:    -> received channel id 5
D/qemud   (   34): client_registration: registration succeeded for client 5
D/qemud   (   34): fdhandler_event: disconnect on fd 13
D/SensorManager(   52): found sensor: Goldfish 3-axis Accelerometer, handle=0
I/SystemServer(   52): Registering null Bluetooth Service (emulator)
E/System  (   52): Failure starting core service
E/System  (   52): java.lang.SecurityException
E/System  (   52): 	at android.os.BinderProxy.transact(Native Method)
E/System  (   52): 	at android.os.ServiceManagerProxy.addService(ServiceManagerNative.java:146)
E/System  (   52): 	at android.os.ServiceManager.addService(ServiceManager.java:72)
E/System  (   52): 	at com.android.server.ServerThread.run(SystemServer.java:162)
E/AndroidRuntime(   52): Crash logging skipped, no checkin service
I/SystemServer(   52): Starting Status Bar Service.
I/SystemServer(   52): Starting Clipboard Service.
I/SystemServer(   52): Starting Input Method Service.
W/ResourceType(   52): No package identifier when getting value for resource number 0x7f060000
W/ResourceType(   52): No package identifier when getting value for resource number 0x7f060001
I/InputManagerService(   52): Enabled input methods: com.android.inputmethod.pinyin/.PinyinIME:com.android.inputmethod.latin/.LatinIME:jp.co.omronsoft.openwnn/.OpenWnnJAJP
I/SystemServer(   52): Starting NetStat Service.
I/SystemServer(   52): Starting Connectivity Service.
I/WifiService(   52): WifiService starting up with Wi-Fi disabled
I/SystemServer(   52): Starting Accessibility Manager.
I/SystemServer(   52): Starting Notification Manager.
I/SystemServer(   52): Starting Mount Service.
I/SystemServer(   52): Starting DeviceStorageMonitor service
I/SystemServer(   52): Starting Location Manager.
I/SystemServer(   52): Starting Search Service.
D/libhardware_legacy(   52): using QEMU GPS Hardware emulation
I/SystemServer(   52): Starting Checkin Service.
W/ActivityManager(   52): Unable to start service Intent { cmp=com.google.android.server.checkin/.CheckinService }: not found
W/SystemServer(   52): Using fallback Checkin Service.
I/SystemServer(   52): Starting Wallpaper Service
D/WallpaperService(   52): WallpaperService startup
I/SystemServer(   52): Starting Audio Service
W/GpsLocationProvider(   52): Could not open GPS configuration file /etc/gps.conf
D/GpsLocationProvider(   52): enable
D/qemud   (   34): fdhandler_accept_event: accepting on fd 10
D/qemud   (   34): created client 0xc038 listening on fd 13
D/qemud   (   34): client_fd_receive: attempting registration for service 'gps'
D/qemud   (   34): client_fd_receive:    -> received channel id 6
D/qemud   (   34): client_registration: registration succeeded for client 6
D/dalvikvm(   52): Trying to load lib /system/lib/libsoundpool.so 0x0
D/dalvikvm(   52): Added shared lib /system/lib/libsoundpool.so 0x0
D/SoundPool(   52): error loading /system/media/audio/ui/Effect_Tick.ogg
W/AudioService(   52): Soundpool could not load file: /system/media/audio/ui/Effect_Tick.ogg
D/SoundPool(   52): error loading /system/media/audio/ui/KeypressStandard.ogg
W/AudioService(   52): Soundpool could not load file: /system/media/audio/ui/KeypressStandard.ogg
D/SoundPool(   52): error loading /system/media/audio/ui/KeypressSpacebar.ogg
W/AudioService(   52): Soundpool could not load file: /system/media/audio/ui/KeypressSpacebar.ogg
D/SoundPool(   52): error loading /system/media/audio/ui/KeypressDelete.ogg
W/AudioService(   52): Soundpool could not load file: /system/media/audio/ui/KeypressDelete.ogg
D/SoundPool(   52): error loading /system/media/audio/ui/KeypressReturn.ogg
W/AudioService(   52): Soundpool could not load file: /system/media/audio/ui/KeypressReturn.ogg
I/SystemServer(   52): Starting HeadsetObserver
W/HeadsetObserver(   52): This kernel does not have wired headset support
I/SystemServer(   52): Starting AppWidget Service
I/WindowManager(   52): Menu key state: 0 safeMode=false
D/GpsLocationProvider(   52): GpsEventThread starting
I/WindowManager(   52): Config changed: { scale=1.0 imsi=0/0 loc=en_US touch=3 keys=2/1/2 nav=3 orien=1 layout=18}
D/PowerManagerService(   52): system ready!
D/qemud   (   34): fdhandler_accept_event: accepting on fd 10
D/qemud   (   34): created client 0xc088 listening on fd 14
D/qemud   (   34): client_fd_receive: attempting registration for service 'sensors'
D/qemud   (   34): client_fd_receive:    -> received channel id 7
D/qemud   (   34): client_registration: registration succeeded for client 7
I/ActivityManager(   52): Starting activity: Intent { act=android.intent.action.MAIN cat=[android.intent.category.HOME] flg=0x10000000 cmp=com.android.launcher/.Launcher }
W/ResourceType(   52): No package identifier when getting value for resource number 0x7f03002f
D/GpsLocationProvider(   52): NetworkThread starting
D/GpsLocationProvider(   52): NetworkThread wait for network
W/ActivityManager(   52): Unable to start service Intent { act=android.accounts.IAccountsService cmp=com.google.android.googleapps/.GoogleLoginService }: not found
E/LockPatternKeyguardView(   52): Failed to bind to GLS while checking for account
D/dalvikvm(   52): GC freed 5514 objects / 286056 bytes in 177ms
W/ResourceType(   52): No package identifier when getting value for resource number 0x7f030000
W/ResourceType(   52): No package identifier when getting value for resource number 0x7f030003
W/ResourceType(   52): No package identifier when getting value for resource number 0x7f03000e
D/ActivityManager(   52): Start running!
I/Zygote  (   52): Process: zygote socket opened
I/ActivityManager(   52): Start proc com.android.phone for added application com.android.phone: pid=104 uid=1001 gids={3002, 3001, 3003}
I/ActivityManager(   52): Start proc android.process.acore for activity com.android.launcher/.Launcher: pid=107 uid=10001 gids={3003, 1015}
W/ResourceType(   52): No package identifier when getting value for resource number 0x00000000
W/StatusBar(   52): Icon not found in <system>: 0
I/jdwp    (  104): received file descriptor 20 from ADB
I/jdwp    (  107): received file descriptor 20 from ADB
E/jdwp    (  107): Failed sending req to debugger: Broken pipe (-1 of 27)
E/jdwp    (  107): Failed sending req to debugger: Broken pipe (-1 of 27)
E/jdwp    (  107): Failed sending reply to debugger: Broken pipe
I/dalvikvm(  107): Debugger has detached; object registry had 2 entries
D/ddm-heap(  104): Got feature list request
I/jdwp    (  107): received file descriptor 13 from ADB
D/ddm-heap(  107): Got feature list request
D/StatusBar(   52): updateResources
I/WindowManager(   52): onOrientationChanged, rotation changed to 0
I/ActivityThread(  107): Publishing provider user_dictionary: com.android.providers.userdictionary.UserDictionaryProvider
I/ActivityThread(  104): Publishing provider mms-sms: com.android.providers.telephony.MmsSmsProvider
I/ActivityThread(  107): Publishing provider applications: com.android.providers.applications.ApplicationsProvider
I/ActivityThread(  104): Publishing provider icc: com.android.phone.IccProvider
I/ActivityThread(  104): Publishing provider mms: com.android.providers.telephony.MmsProvider
I/ActivityThread(  104): Publishing provider telephony: com.android.providers.telephony.TelephonyProvider
I/ActivityThread(  104): Publishing provider sms: com.android.providers.telephony.SmsProvider
I/ActivityThread(  107): Publishing provider com.google.android.providers.enhancedgooglesearch: com.google.android.providers.enhancedgooglesearch.SuggestionProvider
E/ActivityThread(  107): Failed to find provider info for com.google.settings
D/AndroidRuntime(  129): 
D/AndroidRuntime(  129): >>>>>>>>>>>>>> AndroidRuntime START <<<<<<<<<<<<<<
D/AndroidRuntime(  129): CheckJNI is ON
E/ActivityThread(  107): Failed to find provider info for com.google.settings
I/ActivityThread(  107): Publishing provider com.android.globalsearch.SuggestionProvider: com.android.globalsearch.SuggestionProvider
W/ActivityManager(   52): Unable to start service Intent { act=com.android.ussd.IExtendedNetworkService }: not found
D/PhoneApp(  104): Resetting audio state/mode: IDLE
D/AndroidRuntime(  129): --- registering native functions ---
I/jdwp    (  129): received file descriptor 20 from ADB
D/AlarmManagerService(   52): Kernel timezone updated to 240 minutes west of GMT
I/ActivityThread(  107): Publishing provider com.android.globalsearch.stats: com.android.globalsearch.StatsProvider
I/ActivityThread(  107): Publishing provider contacts;call_log: com.android.providers.contacts.ContactsProvider
D/dalvikvm(  107): GC freed 3727 objects / 271280 bytes in 634ms
W/ActivityManager(   52): Unable to start service Intent { act=android.accounts.IAccountsService cmp=com.google.android.googleapps/.GoogleLoginService }: not found
W/AccountMonitor(  107): Couldn't connect to Intent { act=android.accounts.IAccountsService cmp=com.google.android.googleapps/.GoogleLoginService } (Missing service?)
I/ActivityThread(  107): Publishing provider com.android.launcher.settings: com.android.launcher.LauncherProvider
D/dalvikvm(   52): GREF has increased to 201
E/ApplicationContext(   52): Couldn't create directory for SharedPreferences file shared_prefs/wallpaper-hints.xml
D/PackageParser(   52): Scanning package: /data/app/vmdl36929.tmp
I/PackageParser(   52): Impliciting adding android.permission.WRITE_EXTERNAL_STORAGE to old pkg edu.purdue.cs.sigai
I/PackageParser(   52): Impliciting adding android.permission.READ_PHONE_STATE to old pkg edu.purdue.cs.sigai
D/dalvikvm(  107): GC freed 1703 objects / 104832 bytes in 201ms
D/dalvikvm(   52): GC freed 6169 objects / 314008 bytes in 331ms
D/HomeLoaders(  107): load applications
D/HomeLoaders(  107): loading user items
D/HomeLoaders(  107):   --> starting workspace loader
D/HomeLoaders(  107):   ----> running workspace loader (1)
I/SurfaceFlinger(   52): Boot is finished (20760 ms)
W/ActivityManager(   52): Activity idle timeout for HistoryRecord{4387ee48 com.android.launcher/.Launcher}
D/HomeLoaders(  107):   --> done loading workspace
D/HomeLoaders(  107):   ----> worskpace items=5
D/HomeLoaders(  107):   ----> worskpace widgets=0
D/HomeLoaders(  107):   ----> items cloned, ready to refresh UI
D/HomeLoaders(  107):   ----> onDesktopItemsLoaded()
D/Launcher(  107): ------> binding 5 items
D/Launcher(  107): ------> binding 0 widgets
D/Launcher(  107): ------> start binding items
D/HomeLoaders(  107):   ----> loading applications from workspace loader
D/HomeLoaders(  107):   --> starting applications loader unlocked
D/HomeLoaders(  107):   --> starting applications loader
D/HomeLoaders(  107):   ----> running applications loader (1)
D/vold    (   26): Accepted connection from framework
D/vold    (   26): dispatch_cmd(send_ums_status):
D/vold    (   26): dispatch_cmd(mount_volume:/sdcard):
E/vold    (   26): Cannot start volume '/sdcard' (volume is not bound)
D/MountListener(   52): handleEvent volume_nomedia:/sdcard
D/HomeLoaders(  107):   ----> cleared application list
D/dalvikvm(  104): GC freed 2747 objects / 194640 bytes in 148ms
I/PackageManager(   52): Removing non-system package:edu.purdue.cs.sigai
D/PackageManager(   52): Removing package edu.purdue.cs.sigai
D/PackageManager(   52):   Activities: edu.purdue.cs.sigai.speak
I/Resources(  104): Loaded time zone names for en_US in 7367ms.
D/SystemClock(  104): Setting time of day to sec=1286164161
W/SystemClock(  104): Unable to set rtc to 1286164161: Invalid argument
D/PackageManager(   52): Scanning package edu.purdue.cs.sigai
I/PackageManager(   52): /data/app/vmdl36929.tmp changed; unpacking
D/installd(   31): DexInv: --- BEGIN '/data/app/vmdl36929.tmp' ---
D/dalvikvm(  154): DexOpt: load 50ms, verify 61ms, opt 2ms
D/installd(   31): DexInv: --- END '/data/app/vmdl36929.tmp' (success) ---
D/PackageManager(   52):   Activities: edu.purdue.cs.sigai.speak
I/installd(   31): move /data/dalvik-cache/data@app@vmdl36929.tmp@classes.dex -> /data/dalvik-cache/data@app@edu.purdue.cs.sigai.apk@classes.dex
D/PackageManager(   52): New package installed in /data/app/edu.purdue.cs.sigai.apk
D/AndroidRuntime(  129): Shutting down VM
D/dalvikvm(  129): DestroyJavaVM waiting for non-daemon threads to exit
D/dalvikvm(  129): DestroyJavaVM shutting VM down
D/dalvikvm(  129): HeapWorker thread shutting down
D/dalvikvm(  129): HeapWorker thread has shut down
D/jdwp    (  129): JDWP shutting down net...
D/jdwp    (  129): +++ peer disconnected
I/dalvikvm(  129): Debugger has detached; object registry had 1 entries
D/dalvikvm(  129): VM cleaning up
D/dalvikvm(  129): LinearAlloc 0x0 used 664084 of 4194304 (15%)
I/WindowManager(   52): Config changed: { scale=1.0 imsi=0/0 loc=en_US touch=3 keys=2/1/2 nav=3 orien=1 layout=18}
D/dalvikvm(   52): GC freed 5554 objects / 378408 bytes in 291ms
I/ActivityManager(   52): Displayed activity com.android.launcher/.Launcher: 17141 ms (total 17141 ms)
D/ActivityManager(   52): Uninstalling process edu.purdue.cs.sigai
D/dalvikvm(   52): GC freed 507 objects / 20280 bytes in 224ms
D/ActivityManager(   52): Uninstalling process edu.purdue.cs.sigai
D/KeyguardViewMediator(   52): pokeWakelock(5000)
D/MountListener(   52): handleEvent ums_disabled
D/MountListener(   52): handleEvent ums_disconnected
I/ActivityManager(   52): Start proc android.process.media for broadcast com.android.providers.downloads/.DownloadReceiver: pid=163 uid=10005 gids={1006, 1015, 2001, 3003}
I/ActivityManager(   52): processNextBroadcast: waiting for ProcessRecord{43895638 163:android.process.media/10005}
I/ActivityManager(   52): processNextBroadcast: waiting for ProcessRecord{43895638 163:android.process.media/10005}
I/ARMAssembler(   52): generated scanline__00000077:03545404_00000A04_00000000 [ 29 ipp] (51 ins) at [0x289160:0x28922c] in 7791759 ns
D/dalvikvm(  107): GC freed 2534 objects / 138488 bytes in 1190ms
D/HomeLoaders(  107): application intent received: android.intent.action.PACKAGE_REMOVED, replacing=true
D/HomeLoaders(  107):   --> package:edu.purdue.cs.sigai
D/HomeLoaders(  107): application intent received: android.intent.action.PACKAGE_ADDED, replacing=true
D/HomeLoaders(  107):   --> package:edu.purdue.cs.sigai
D/HomeLoaders(  107):   --> update package edu.purdue.cs.sigai
D/AndroidRuntime(  161): 
D/AndroidRuntime(  161): >>>>>>>>>>>>>> AndroidRuntime START <<<<<<<<<<<<<<
D/AndroidRuntime(  161): CheckJNI is ON
I/ActivityManager(   52): processNextBroadcast: waiting for ProcessRecord{43895638 163:android.process.media/10005}
E/ActivityThread(  104): Failed to find provider info for android.server.checkin
W/Checkin (  104): Can't update stat PHONE_GSM_REGISTERED: java.lang.IllegalArgumentException: Unknown URL content://android.server.checkin/stats
I/ActivityManager(   52): Start proc com.android.inputmethod.latin for service com.android.inputmethod.latin/.LatinIME: pid=170 uid=10001 gids={3003, 1015}
I/ActivityThread(  163): Publishing provider downloads: com.android.providers.downloads.DownloadProvider
W/ResourceType(   52): No package identifier when getting value for resource number 0x7f060000
W/ResourceType(   52): No package identifier when getting value for resource number 0x7f060001
I/ActivityThread(  163): Publishing provider drm: com.android.providers.drm.DrmProvider
I/ActivityThread(  163): Publishing provider media: com.android.providers.media.MediaProvider
V/MediaProvider(  163): Attached volume: internal
D/AndroidRuntime(  161): --- registering native functions ---
I/jdwp    (  163): received file descriptor 30 from ADB
I/jdwp    (  170): received file descriptor 13 from ADB
I/jdwp    (  161): received file descriptor 21 from ADB
D/ddm-heap(  163): Got feature list request
D/ddm-heap(  170): Got feature list request
D/ddm-heap(  161): Got feature list request
D/dalvikvm(   52): GC freed 6083 objects / 527024 bytes in 155ms
D/HomeLoaders(  107): aborting loaders
I/ActivityManager(   52): Starting activity: Intent { act=android.intent.action.MAIN cat=[android.intent.category.LAUNCHER] flg=0x10000000 cmp=edu.purdue.cs.sigai/.speak }
D/AndroidRuntime(  161): Shutting down VM
D/dalvikvm(  161): DestroyJavaVM waiting for non-daemon threads to exit
D/dalvikvm(  161): DestroyJavaVM shutting VM down
D/dalvikvm(  161): HeapWorker thread shutting down
D/dalvikvm(  161): HeapWorker thread has shut down
D/jdwp    (  161): JDWP shutting down net...
D/jdwp    (  161): +++ peer disconnected
I/dalvikvm(  161): Debugger has detached; object registry had 1 entries
D/dalvikvm(  161): VM cleaning up
D/dalvikvm(  161): LinearAlloc 0x0 used 676828 of 4194304 (16%)
W/ActivityManager(   52): Activity pause timeout for HistoryRecord{4387ee48 com.android.launcher/.Launcher}
I/ActivityManager(   52): Start proc edu.purdue.cs.sigai for activity edu.purdue.cs.sigai/.speak: pid=188 uid=10023 gids={1015}
W/ResourceType(   52): No package identifier when getting value for resource number 0x7f060000
W/ResourceType(   52): No package identifier when getting value for resource number 0x7f060001
I/jdwp    (  188): received file descriptor 20 from ADB
I/dalvikvm(  188): Debugger thread not active, ignoring DDM send (t=0x54455354 l=8)
I/dalvikvm(  188): Debugger thread not active, ignoring DDM send (t=0x54455354 l=8)
D/GpsLocationProvider(   52): state: DISCONNECTED apnName: null reason: radioTurnedOff
D/GpsLocationProvider(   52): state: DISCONNECTED apnName: null reason: gprsDetached
D/ddm-heap(  188): Got feature list request
D/GpsLocationProvider(   52): state: DISCONNECTED apnName: null reason: null
D/StatusBar(   52): updateResources
D/HomeLoaders(  107): load applications
D/HomeLoaders(  107): loading user items
D/HomeLoaders(  107):   --> starting workspace loader
D/HomeLoaders(  107):   ----> running workspace loader (2)
I/ActivityManager(   52): Start proc com.android.alarmclock for broadcast com.android.alarmclock/.AlarmInitReceiver: pid=200 uid=10017 gids={}
D/MediaPlayer(   52): Couldn't open file on client side, trying server side
D/ActivityManager(   52): checkComponentPermission() adjusting {pid,uid} to {30,1013}
D/dalvikvm(  170): Trying to load lib /system/lib/libjni_latinime.so 0x43758060
D/ActivityManager(   52): checkComponentPermission() adjusting {pid,uid} to {30,1013}
D/dalvikvm(  170): Added shared lib /system/lib/libjni_latinime.so 0x43758060
I/jdwp    (  200): received file descriptor 20 from ADB
D/ActivityManager(   52): checkComponentPermission() adjusting {pid,uid} to {30,1013}
D/TelephonyProvider(  104): Setting numeric '310260' to be the current operator
D/AndroidRuntime(  188): Shutting down VM
W/dalvikvm(  188): threadid=3: thread exiting with uncaught exception (group=0x4001aa28)
D/ddm-heap(  200): Got feature list request
I/ActivityManager(   52): processNextBroadcast: waiting for ProcessRecord{438674d8 200:com.android.alarmclock/10017}
D/ActivityManager(   52): checkComponentPermission() adjusting {pid,uid} to {30,1013}
E/AndroidRuntime(  188): Uncaught handler: thread main exiting due to uncaught exception
D/MediaScannerService(  163): start scanning volume internal
E/ActivityThread(  104): Failed to find provider info for android.server.checkin
W/Checkin (  104): Can't update stat PHONE_GPRS_ATTEMPTED: java.lang.IllegalArgumentException: Unknown URL content://android.server.checkin/stats
I/ActivityManager(   52): processNextBroadcast: waiting for ProcessRecord{438674d8 200:com.android.alarmclock/10017}
D/GpsLocationProvider(   52): state: CONNECTING apnName: epc.tmobile.com reason: simLoaded
E/AndroidRuntime(  188): java.lang.RuntimeException: Unable to instantiate activity ComponentInfo{edu.purdue.cs.sigai/edu.purdue.cs.sigai.speak}: java.lang.ClassNotFoundException: edu.purdue.cs.sigai.speak in loader dalvik.system.PathClassLoader@43757c78
E/AndroidRuntime(  188): 	at android.app.ActivityThread.performLaunchActivity(ActivityThread.java:2324)
E/AndroidRuntime(  188): 	at android.app.ActivityThread.handleLaunchActivity(ActivityThread.java:2417)
E/AndroidRuntime(  188): 	at android.app.ActivityThread.access$2100(ActivityThread.java:116)
E/AndroidRuntime(  188): 	at android.app.ActivityThread$H.handleMessage(ActivityThread.java:1794)
E/AndroidRuntime(  188): 	at android.os.Handler.dispatchMessage(Handler.java:99)
E/AndroidRuntime(  188): 	at android.os.Looper.loop(Looper.java:123)
E/AndroidRuntime(  188): 	at android.app.ActivityThread.main(ActivityThread.java:4203)
E/AndroidRuntime(  188): 	at java.lang.reflect.Method.invokeNative(Native Method)
E/AndroidRuntime(  188): 	at java.lang.reflect.Method.invoke(Method.java:521)
E/AndroidRuntime(  188): 	at com.android.internal.os.ZygoteInit$MethodAndArgsCaller.run(ZygoteInit.java:791)
E/AndroidRuntime(  188): 	at com.android.internal.os.ZygoteInit.main(ZygoteInit.java:549)
E/AndroidRuntime(  188): 	at dalvik.system.NativeStart.main(Native Method)
E/AndroidRuntime(  188): Caused by: java.lang.ClassNotFoundException: edu.purdue.cs.sigai.speak in loader dalvik.system.PathClassLoader@43757c78
E/AndroidRuntime(  188): 	at dalvik.system.PathClassLoader.findClass(PathClassLoader.java:243)
E/AndroidRuntime(  188): 	at java.lang.ClassLoader.loadClass(ClassLoader.java:573)
E/AndroidRuntime(  188): 	at java.lang.ClassLoader.loadClass(ClassLoader.java:532)
E/AndroidRuntime(  188): 	at android.app.Instrumentation.newActivity(Instrumentation.java:1097)
E/AndroidRuntime(  188): 	at android.app.ActivityThread.performLaunchActivity(ActivityThread.java:2316)
E/AndroidRuntime(  188): 	... 11 more
I/Process (   52): Sending signal. PID: 188 SIG: 3
I/dalvikvm(  188): threadid=7: reacting to signal 3
I/dalvikvm(  188): Wrote stack trace to '/data/anr/traces.txt'
E/ActivityThread(  104): Failed to find provider info for android.server.checkin
W/Checkin (  104): Can't update stat PHONE_GPRS_CONNECTED: java.lang.IllegalArgumentException: Unknown URL content://android.server.checkin/stats
D/HomeLoaders(  107):   --> done loading workspace
D/HomeLoaders(  107):   ----> worskpace items=5
D/HomeLoaders(  107):   ----> worskpace widgets=0
D/HomeLoaders(  107):   ----> items cloned, ready to refresh UI
D/HomeLoaders(  107):   ----> loading applications from workspace loader
D/HomeLoaders(  107):   --> starting applications loader unlocked
D/HomeLoaders(  107):   --> starting applications loader
D/HomeLoaders(  107):   ----> running applications loader (2)
D/dalvikvm(   52): GC freed 4326 objects / 214888 bytes in 224ms
D/HomeLoaders(  107):   ----> onDesktopItemsLoaded()
D/Launcher(  107): ------> binding 5 items
D/Launcher(  107): ------> binding 0 widgets
D/Launcher(  107): ------> start binding items
E/MediaPlayerService(   30): Couldn't open fd for content://settings/system/notification_sound
E/MediaPlayer(   52): Unable to to create media player
W/NotificationService(   52): error loading sound for content://settings/system/notification_sound
W/NotificationService(   52): java.io.IOException: setDataSource failed.: status=0x80000000
W/NotificationService(   52): 	at android.media.MediaPlayer.setDataSource(Native Method)
W/NotificationService(   52): 	at android.media.MediaPlayer.setDataSource(MediaPlayer.java:621)
W/NotificationService(   52): 	at android.media.AsyncPlayer$Thread.run(AsyncPlayer.java:76)
D/MobileDataStateTracker(   52): CONNECTED event did not supply interface name.
D/MobileDataStateTracker(   52): DNS server addresses are not known.
D/GpsLocationProvider(   52): state: CONNECTED apnName: epc.tmobile.com reason: simLoaded
I/ActivityThread(  200): Publishing provider com.android.alarmclock: com.android.alarmclock.AlarmProvider
I/ARMAssembler(   52): generated scanline__00000077:03515104_00000000_00000000 [ 27 ipp] (41 ins) at [0x299e80:0x299f24] in 401369 ns
I/ARMAssembler(   52): generated scanline__00000077:03515104_00001001_00000000 [ 64 ipp] (84 ins) at [0x299f28:0x29a078] in 6706999 ns
D/GpsLocationProvider(   52): updateNetworkState available
D/GpsLocationProvider(   52): NetworkThread wait for 9223372036854775807ms
I/ActivityManager(   52): Start proc com.android.mms for broadcast com.android.mms/.transaction.MmsSystemEventReceiver: pid=214 uid=10021 gids={3003, 1015}
I/jdwp    (  214): received file descriptor 20 from ADB
D/ddm-heap(  214): Got feature list request
I/Process (  188): Sending signal. PID: 188 SIG: 9
I/ActivityManager(   52): Process edu.purdue.cs.sigai (pid 188) has died.
D/MediaScanner(  163): opendir /system/media/ failed, errno: 2
D/MediaScanner(  163):  prescan time: 1901ms
D/MediaScanner(  163):     scan time: 531ms
W/UsageStats(   52): Unexpected resume of com.android.launcher while already resumed in edu.purdue.cs.sigai
D/HomeLoaders(  107):   ----> cleared application list
I/ActivityManager(   52): Stopping service: com.android.providers.downloads/.DownloadService
D/MediaScanner(  163): postscan time: 0ms
D/MediaScanner(  163):    total time: 2432ms
D/MediaScannerService(  163): done scanning volume internal
I/ActivityManager(   52): Stopping service: com.android.providers.media/.MediaScannerService
D/dalvikvm(  107): GC freed 5103 objects / 274104 bytes in 485ms
I/ActivityManager(   52): Start proc com.svox.pico for broadcast com.svox.pico/.VoiceDataInstallerReceiver: pid=224 uid=10003 gids={}
I/jdwp    (  224): received file descriptor 20 from ADB
D/ddm-heap(  224): Got feature list request
I/ActivityManager(   52): Stopping service: com.android.mms/.transaction.TransactionService
I/ActivityManager(   52): Stopping service: com.android.providers.downloads/.DownloadService
I/ActivityManager(   52): Stopping service: com.android.mms/.transaction.SmsReceiverService
D/AndroidRuntime(  237): 
D/AndroidRuntime(  237): >>>>>>>>>>>>>> AndroidRuntime START <<<<<<<<<<<<<<
D/AndroidRuntime(  237): CheckJNI is ON
D/AndroidRuntime(  237): --- registering native functions ---
I/jdwp    (  237): received file descriptor 20 from ADB
D/ddm-heap(  237): Got feature list request
D/PackageParser(   52): Scanning package: /data/app/vmdl36930.tmp
I/PackageParser(   52): Impliciting adding android.permission.WRITE_EXTERNAL_STORAGE to old pkg edu.purdue.cs.sigai
I/PackageParser(   52): Impliciting adding android.permission.READ_PHONE_STATE to old pkg edu.purdue.cs.sigai
I/PackageManager(   52): Removing non-system package:edu.purdue.cs.sigai
D/PackageManager(   52): Removing package edu.purdue.cs.sigai
D/PackageManager(   52):   Activities: edu.purdue.cs.sigai.speak
D/PackageManager(   52): Scanning package edu.purdue.cs.sigai
I/PackageManager(   52): /data/app/vmdl36930.tmp changed; unpacking
D/installd(   31): DexInv: --- BEGIN '/data/app/vmdl36930.tmp' ---
D/dalvikvm(  244): DexOpt: load 58ms, verify 69ms, opt 2ms
D/installd(   31): DexInv: --- END '/data/app/vmdl36930.tmp' (success) ---
D/PackageManager(   52):   Activities: edu.purdue.cs.sigai.speak
D/ActivityManager(   52): Uninstalling process edu.purdue.cs.sigai
I/installd(   31): move /data/dalvik-cache/data@app@vmdl36930.tmp@classes.dex -> /data/dalvik-cache/data@app@edu.purdue.cs.sigai.apk@classes.dex
D/PackageManager(   52): New package installed in /data/app/edu.purdue.cs.sigai.apk
D/AndroidRuntime(  237): Shutting down VM
D/dalvikvm(  237): DestroyJavaVM waiting for non-daemon threads to exit
D/ActivityManager(   52): Uninstalling process edu.purdue.cs.sigai
D/dalvikvm(  237): DestroyJavaVM shutting VM down
D/dalvikvm(  237): HeapWorker thread shutting down
D/dalvikvm(  237): HeapWorker thread has shut down
D/jdwp    (  237): JDWP shutting down net...
D/jdwp    (  237): +++ peer disconnected
I/dalvikvm(  237): Debugger has detached; object registry had 1 entries
D/dalvikvm(  237): VM cleaning up
D/dalvikvm(  237): LinearAlloc 0x0 used 665236 of 4194304 (15%)
D/dalvikvm(   52): GC freed 8880 objects / 548544 bytes in 422ms
W/ResourceType(   52): No package identifier when getting value for resource number 0x7f060000
W/ResourceType(   52): No package identifier when getting value for resource number 0x7f060001
D/dalvikvm(  107): GC freed 2792 objects / 155904 bytes in 486ms
D/HomeLoaders(  107): application intent received: android.intent.action.PACKAGE_REMOVED, replacing=true
D/HomeLoaders(  107):   --> package:edu.purdue.cs.sigai
D/HomeLoaders(  107): application intent received: android.intent.action.PACKAGE_ADDED, replacing=true
D/HomeLoaders(  107):   --> package:edu.purdue.cs.sigai
D/HomeLoaders(  107):   --> update package edu.purdue.cs.sigai
W/ResourceType(   52): No package identifier when getting value for resource number 0x7f060000
W/ResourceType(   52): No package identifier when getting value for resource number 0x7f060001
D/AndroidRuntime(  251): 
D/AndroidRuntime(  251): >>>>>>>>>>>>>> AndroidRuntime START <<<<<<<<<<<<<<
D/AndroidRuntime(  251): CheckJNI is ON
D/AndroidRuntime(  251): --- registering native functions ---
I/jdwp    (  251): received file descriptor 20 from ADB
D/ddm-heap(  251): Got feature list request
I/ActivityManager(   52): Starting activity: Intent { act=android.intent.action.MAIN cat=[android.intent.category.LAUNCHER] flg=0x10000000 cmp=edu.purdue.cs.sigai/.speak }
D/AndroidRuntime(  251): Shutting down VM
D/dalvikvm(  251): DestroyJavaVM waiting for non-daemon threads to exit
D/dalvikvm(  251): DestroyJavaVM shutting VM down
D/dalvikvm(  251): HeapWorker thread shutting down
D/dalvikvm(  251): HeapWorker thread has shut down
D/jdwp    (  251): JDWP shutting down net...
D/jdwp    (  251): Got wake-up signal, bailing out of select
I/dalvikvm(  251): Debugger has detached; object registry had 1 entries
D/dalvikvm(  251): VM cleaning up
I/ActivityManager(   52): Start proc edu.purdue.cs.sigai for activity edu.purdue.cs.sigai/.speak: pid=259 uid=10023 gids={1015}
D/dalvikvm(  251): LinearAlloc 0x0 used 676828 of 4194304 (16%)
D/dalvikvm(   29): GC freed 273 objects / 10416 bytes in 333ms
I/jdwp    (  259): received file descriptor 20 from ADB
D/ddm-heap(  259): Got feature list request
D/dalvikvm(   29): GC freed 45 objects / 1968 bytes in 284ms
D/dalvikvm(   29): GC freed 2 objects / 48 bytes in 168ms
D/AndroidRuntime(  259): Shutting down VM
W/dalvikvm(  259): threadid=3: thread exiting with uncaught exception (group=0x4001aa28)
E/AndroidRuntime(  259): Uncaught handler: thread main exiting due to uncaught exception
E/AndroidRuntime(  259): java.lang.RuntimeException: Unable to instantiate activity ComponentInfo{edu.purdue.cs.sigai/edu.purdue.cs.sigai.speak}: java.lang.ClassNotFoundException: edu.purdue.cs.sigai.speak in loader dalvik.system.PathClassLoader@43757c78
E/AndroidRuntime(  259): 	at android.app.ActivityThread.performLaunchActivity(ActivityThread.java:2324)
E/AndroidRuntime(  259): 	at android.app.ActivityThread.handleLaunchActivity(ActivityThread.java:2417)
E/AndroidRuntime(  259): 	at android.app.ActivityThread.access$2100(ActivityThread.java:116)
E/AndroidRuntime(  259): 	at android.app.ActivityThread$H.handleMessage(ActivityThread.java:1794)
E/AndroidRuntime(  259): 	at android.os.Handler.dispatchMessage(Handler.java:99)
E/AndroidRuntime(  259): 	at android.os.Looper.loop(Looper.java:123)
E/AndroidRuntime(  259): 	at android.app.ActivityThread.main(ActivityThread.java:4203)
E/AndroidRuntime(  259): 	at java.lang.reflect.Method.invokeNative(Native Method)
E/AndroidRuntime(  259): 	at java.lang.reflect.Method.invoke(Method.java:521)
E/AndroidRuntime(  259): 	at com.android.internal.os.ZygoteInit$MethodAndArgsCaller.run(ZygoteInit.java:791)
E/AndroidRuntime(  259): 	at com.android.internal.os.ZygoteInit.main(ZygoteInit.java:549)
E/AndroidRuntime(  259): 	at dalvik.system.NativeStart.main(Native Method)
E/AndroidRuntime(  259): Caused by: java.lang.ClassNotFoundException: edu.purdue.cs.sigai.speak in loader dalvik.system.PathClassLoader@43757c78
E/AndroidRuntime(  259): 	at dalvik.system.PathClassLoader.findClass(PathClassLoader.java:243)
E/AndroidRuntime(  259): 	at java.lang.ClassLoader.loadClass(ClassLoader.java:573)
E/AndroidRuntime(  259): 	at java.lang.ClassLoader.loadClass(ClassLoader.java:532)
E/AndroidRuntime(  259): 	at android.app.Instrumentation.newActivity(Instrumentation.java:1097)
E/AndroidRuntime(  259): 	at android.app.ActivityThread.performLaunchActivity(ActivityThread.java:2316)
E/AndroidRuntime(  259): 	... 11 more
I/Process (   52): Sending signal. PID: 259 SIG: 3
I/dalvikvm(  259): threadid=7: reacting to signal 3
I/dalvikvm(  259): Wrote stack trace to '/data/anr/traces.txt'
I/Process (  259): Sending signal. PID: 259 SIG: 9
I/ActivityManager(   52): Process edu.purdue.cs.sigai (pid 259) has died.
W/UsageStats(   52): Unexpected resume of com.android.launcher while already resumed in edu.purdue.cs.sigai
W/InputManagerService(   52): Window already focused, ignoring focus gain of: com.android.internal.view.IInputMethodClient$Stub$Proxy@438ad518
D/dalvikvm(  224): GC freed 754 objects / 65224 bytes in 118ms
D/AndroidRuntime(  269): 
D/AndroidRuntime(  269): >>>>>>>>>>>>>> AndroidRuntime START <<<<<<<<<<<<<<
D/AndroidRuntime(  269): CheckJNI is ON
D/AndroidRuntime(  269): --- registering native functions ---
I/jdwp    (  269): received file descriptor 20 from ADB
D/ddm-heap(  269): Got feature list request
D/PackageParser(   52): Scanning package: /data/app/vmdl36931.tmp
I/PackageParser(   52): Impliciting adding android.permission.WRITE_EXTERNAL_STORAGE to old pkg edu.purdue.cs.sigai
I/PackageParser(   52): Impliciting adding android.permission.READ_PHONE_STATE to old pkg edu.purdue.cs.sigai
I/PackageManager(   52): Removing non-system package:edu.purdue.cs.sigai
D/PackageManager(   52): Removing package edu.purdue.cs.sigai
D/PackageManager(   52):   Activities: edu.purdue.cs.sigai.speak
D/PackageManager(   52): Scanning package edu.purdue.cs.sigai
I/PackageManager(   52): /data/app/vmdl36931.tmp changed; unpacking
D/installd(   31): DexInv: --- BEGIN '/data/app/vmdl36931.tmp' ---
D/dalvikvm(  276): DexOpt: load 54ms, verify 78ms, opt 2ms
D/installd(   31): DexInv: --- END '/data/app/vmdl36931.tmp' (success) ---
D/PackageManager(   52):   Activities: edu.purdue.cs.sigai.speak
D/ActivityManager(   52): Uninstalling process edu.purdue.cs.sigai
I/installd(   31): move /data/dalvik-cache/data@app@vmdl36931.tmp@classes.dex -> /data/dalvik-cache/data@app@edu.purdue.cs.sigai.apk@classes.dex
D/PackageManager(   52): New package installed in /data/app/edu.purdue.cs.sigai.apk
D/AndroidRuntime(  269): Shutting down VM
D/dalvikvm(  269): DestroyJavaVM waiting for non-daemon threads to exit
D/ActivityManager(   52): Uninstalling process edu.purdue.cs.sigai
D/dalvikvm(  269): DestroyJavaVM shutting VM down
D/dalvikvm(  269): HeapWorker thread shutting down
D/dalvikvm(  269): HeapWorker thread has shut down
D/jdwp    (  269): JDWP shutting down net...
D/jdwp    (  269): Got wake-up signal, bailing out of select
I/dalvikvm(  269): Debugger has detached; object registry had 1 entries
D/dalvikvm(  269): VM cleaning up
D/dalvikvm(  269): LinearAlloc 0x0 used 665236 of 4194304 (15%)
D/dalvikvm(   52): GC freed 8398 objects / 513256 bytes in 392ms
W/ResourceType(   52): No package identifier when getting value for resource number 0x7f060000
W/ResourceType(   52): No package identifier when getting value for resource number 0x7f060001
D/dalvikvm(  107): GC freed 3071 objects / 173416 bytes in 535ms
D/HomeLoaders(  107): application intent received: android.intent.action.PACKAGE_REMOVED, replacing=true
D/HomeLoaders(  107):   --> package:edu.purdue.cs.sigai
D/HomeLoaders(  107): application intent received: android.intent.action.PACKAGE_ADDED, replacing=true
D/HomeLoaders(  107):   --> package:edu.purdue.cs.sigai
D/HomeLoaders(  107):   --> update package edu.purdue.cs.sigai
W/ResourceType(   52): No package identifier when getting value for resource number 0x7f060000
W/ResourceType(   52): No package identifier when getting value for resource number 0x7f060001
D/AndroidRuntime(  283): 
D/AndroidRuntime(  283): >>>>>>>>>>>>>> AndroidRuntime START <<<<<<<<<<<<<<
D/AndroidRuntime(  283): CheckJNI is ON
D/AndroidRuntime(  283): --- registering native functions ---
I/jdwp    (  283): received file descriptor 20 from ADB
D/ddm-heap(  283): Got feature list request
I/ActivityManager(   52): Starting activity: Intent { act=android.intent.action.MAIN cat=[android.intent.category.LAUNCHER] flg=0x10000000 cmp=edu.purdue.cs.sigai/.speak }
D/AndroidRuntime(  283): Shutting down VM
D/dalvikvm(  283): DestroyJavaVM waiting for non-daemon threads to exit
D/dalvikvm(  283): DestroyJavaVM shutting VM down
D/dalvikvm(  283): HeapWorker thread shutting down
D/dalvikvm(  283): HeapWorker thread has shut down
D/jdwp    (  283): JDWP shutting down net...
D/jdwp    (  283): +++ peer disconnected
I/dalvikvm(  283): Debugger has detached; object registry had 1 entries
D/dalvikvm(  283): VM cleaning up
I/ActivityManager(   52): Start proc edu.purdue.cs.sigai for activity edu.purdue.cs.sigai/.speak: pid=291 uid=10023 gids={1015}
D/dalvikvm(  283): LinearAlloc 0x0 used 676828 of 4194304 (16%)
I/jdwp    (  291): received file descriptor 20 from ADB
D/ddm-heap(  291): Got feature list request
D/AndroidRuntime(  291): Shutting down VM
W/dalvikvm(  291): threadid=3: thread exiting with uncaught exception (group=0x4001aa28)
E/AndroidRuntime(  291): Uncaught handler: thread main exiting due to uncaught exception
E/AndroidRuntime(  291): java.lang.RuntimeException: Unable to instantiate activity ComponentInfo{edu.purdue.cs.sigai/edu.purdue.cs.sigai.speak}: java.lang.ClassNotFoundException: edu.purdue.cs.sigai.speak in loader dalvik.system.PathClassLoader@43757c78
E/AndroidRuntime(  291): 	at android.app.ActivityThread.performLaunchActivity(ActivityThread.java:2324)
E/AndroidRuntime(  291): 	at android.app.ActivityThread.handleLaunchActivity(ActivityThread.java:2417)
E/AndroidRuntime(  291): 	at android.app.ActivityThread.access$2100(ActivityThread.java:116)
E/AndroidRuntime(  291): 	at android.app.ActivityThread$H.handleMessage(ActivityThread.java:1794)
E/AndroidRuntime(  291): 	at android.os.Handler.dispatchMessage(Handler.java:99)
E/AndroidRuntime(  291): 	at android.os.Looper.loop(Looper.java:123)
E/AndroidRuntime(  291): 	at android.app.ActivityThread.main(ActivityThread.java:4203)
E/AndroidRuntime(  291): 	at java.lang.reflect.Method.invokeNative(Native Method)
E/AndroidRuntime(  291): 	at java.lang.reflect.Method.invoke(Method.java:521)
E/AndroidRuntime(  291): 	at com.android.internal.os.ZygoteInit$MethodAndArgsCaller.run(ZygoteInit.java:791)
E/AndroidRuntime(  291): 	at com.android.internal.os.ZygoteInit.main(ZygoteInit.java:549)
E/AndroidRuntime(  291): 	at dalvik.system.NativeStart.main(Native Method)
E/AndroidRuntime(  291): Caused by: java.lang.ClassNotFoundException: edu.purdue.cs.sigai.speak in loader dalvik.system.PathClassLoader@43757c78
E/AndroidRuntime(  291): 	at dalvik.system.PathClassLoader.findClass(PathClassLoader.java:243)
E/AndroidRuntime(  291): 	at java.lang.ClassLoader.loadClass(ClassLoader.java:573)
E/AndroidRuntime(  291): 	at java.lang.ClassLoader.loadClass(ClassLoader.java:532)
E/AndroidRuntime(  291): 	at android.app.Instrumentation.newActivity(Instrumentation.java:1097)
E/AndroidRuntime(  291): 	at android.app.ActivityThread.performLaunchActivity(ActivityThread.java:2316)
E/AndroidRuntime(  291): 	... 11 more
I/Process (   52): Sending signal. PID: 291 SIG: 3
I/dalvikvm(  291): threadid=7: reacting to signal 3
I/dalvikvm(  291): Wrote stack trace to '/data/anr/traces.txt'
I/Process (  291): Sending signal. PID: 291 SIG: 9
I/ActivityManager(   52): Process edu.purdue.cs.sigai (pid 291) has died.
W/UsageStats(   52): Unexpected resume of com.android.launcher while already resumed in edu.purdue.cs.sigai
W/InputManagerService(   52): Window already focused, ignoring focus gain of: com.android.internal.view.IInputMethodClient$Stub$Proxy@43900f20
D/dalvikvm(  224): GC freed 119 objects / 5152 bytes in 77ms
D/AndroidRuntime(  301): 
D/AndroidRuntime(  301): >>>>>>>>>>>>>> AndroidRuntime START <<<<<<<<<<<<<<
D/AndroidRuntime(  301): CheckJNI is ON
D/AndroidRuntime(  301): --- registering native functions ---
I/jdwp    (  301): received file descriptor 20 from ADB
D/ddm-heap(  301): Got feature list request
D/PackageParser(   52): Scanning package: /data/app/vmdl36932.tmp
I/PackageParser(   52): Impliciting adding android.permission.WRITE_EXTERNAL_STORAGE to old pkg edu.purdue.cs.sigai
I/PackageParser(   52): Impliciting adding android.permission.READ_PHONE_STATE to old pkg edu.purdue.cs.sigai
I/PackageManager(   52): Removing non-system package:edu.purdue.cs.sigai
D/PackageManager(   52): Removing package edu.purdue.cs.sigai
D/PackageManager(   52):   Activities: edu.purdue.cs.sigai.speak
D/PackageManager(   52): Scanning package edu.purdue.cs.sigai
I/PackageManager(   52): /data/app/vmdl36932.tmp changed; unpacking
D/installd(   31): DexInv: --- BEGIN '/data/app/vmdl36932.tmp' ---
D/dalvikvm(  308): DexOpt: load 62ms, verify 81ms, opt 2ms
D/installd(   31): DexInv: --- END '/data/app/vmdl36932.tmp' (success) ---
D/PackageManager(   52):   Activities: edu.purdue.cs.sigai.speak
D/ActivityManager(   52): Uninstalling process edu.purdue.cs.sigai
I/installd(   31): move /data/dalvik-cache/data@app@vmdl36932.tmp@classes.dex -> /data/dalvik-cache/data@app@edu.purdue.cs.sigai.apk@classes.dex
D/PackageManager(   52): New package installed in /data/app/edu.purdue.cs.sigai.apk
D/AndroidRuntime(  301): Shutting down VM
D/dalvikvm(  301): DestroyJavaVM waiting for non-daemon threads to exit
D/dalvikvm(  301): DestroyJavaVM shutting VM down
D/dalvikvm(  301): HeapWorker thread shutting down
D/dalvikvm(  301): HeapWorker thread has shut down
D/jdwp    (  301): JDWP shutting down net...
D/jdwp    (  301): +++ peer disconnected
I/dalvikvm(  301): Debugger has detached; object registry had 1 entries
D/dalvikvm(  301): VM cleaning up
D/ActivityManager(   52): Uninstalling process edu.purdue.cs.sigai
D/dalvikvm(  301): LinearAlloc 0x0 used 665236 of 4194304 (15%)
W/ResourceType(   52): No package identifier when getting value for resource number 0x7f060000
W/ResourceType(   52): No package identifier when getting value for resource number 0x7f060001
D/dalvikvm(  107): GC freed 3102 objects / 172872 bytes in 436ms
D/HomeLoaders(  107): application intent received: android.intent.action.PACKAGE_REMOVED, replacing=true
D/HomeLoaders(  107):   --> package:edu.purdue.cs.sigai
D/dalvikvm(   52): GC freed 8971 objects / 549440 bytes in 379ms
D/HomeLoaders(  107): application intent received: android.intent.action.PACKAGE_ADDED, replacing=true
D/HomeLoaders(  107):   --> package:edu.purdue.cs.sigai
D/HomeLoaders(  107):   --> update package edu.purdue.cs.sigai
W/ResourceType(   52): No package identifier when getting value for resource number 0x7f060000
D/dalvikvm(   52): GC freed 1216 objects / 50168 bytes in 238ms
W/ResourceType(   52): No package identifier when getting value for resource number 0x7f060001
D/AndroidRuntime(  315): 
D/AndroidRuntime(  315): >>>>>>>>>>>>>> AndroidRuntime START <<<<<<<<<<<<<<
D/AndroidRuntime(  315): CheckJNI is ON
D/AndroidRuntime(  315): --- registering native functions ---
I/jdwp    (  315): received file descriptor 20 from ADB
D/ddm-heap(  315): Got feature list request
I/ActivityManager(   52): Starting activity: Intent { act=android.intent.action.MAIN cat=[android.intent.category.LAUNCHER] flg=0x10000000 cmp=edu.purdue.cs.sigai/.speak }
D/AndroidRuntime(  315): Shutting down VM
D/dalvikvm(  315): DestroyJavaVM waiting for non-daemon threads to exit
D/dalvikvm(  315): DestroyJavaVM shutting VM down
D/dalvikvm(  315): HeapWorker thread shutting down
D/dalvikvm(  315): HeapWorker thread has shut down
D/jdwp    (  315): JDWP shutting down net...
D/jdwp    (  315): Got wake-up signal, bailing out of select
I/dalvikvm(  315): Debugger has detached; object registry had 1 entries
D/dalvikvm(  315): VM cleaning up
I/ActivityManager(   52): Start proc edu.purdue.cs.sigai for activity edu.purdue.cs.sigai/.speak: pid=322 uid=10023 gids={1015}
D/dalvikvm(  315): LinearAlloc 0x0 used 676828 of 4194304 (16%)
I/jdwp    (  322): received file descriptor 20 from ADB
D/ddm-heap(  322): Got feature list request
D/AndroidRuntime(  322): Shutting down VM
W/dalvikvm(  322): threadid=3: thread exiting with uncaught exception (group=0x4001aa28)
E/AndroidRuntime(  322): Uncaught handler: thread main exiting due to uncaught exception
E/AndroidRuntime(  322): java.lang.RuntimeException: Unable to instantiate activity ComponentInfo{edu.purdue.cs.sigai/edu.purdue.cs.sigai.speak}: java.lang.ClassNotFoundException: edu.purdue.cs.sigai.speak in loader dalvik.system.PathClassLoader@43757c78
E/AndroidRuntime(  322): 	at android.app.ActivityThread.performLaunchActivity(ActivityThread.java:2324)
E/AndroidRuntime(  322): 	at android.app.ActivityThread.handleLaunchActivity(ActivityThread.java:2417)
E/AndroidRuntime(  322): 	at android.app.ActivityThread.access$2100(ActivityThread.java:116)
E/AndroidRuntime(  322): 	at android.app.ActivityThread$H.handleMessage(ActivityThread.java:1794)
E/AndroidRuntime(  322): 	at android.os.Handler.dispatchMessage(Handler.java:99)
E/AndroidRuntime(  322): 	at android.os.Looper.loop(Looper.java:123)
E/AndroidRuntime(  322): 	at android.app.ActivityThread.main(ActivityThread.java:4203)
E/AndroidRuntime(  322): 	at java.lang.reflect.Method.invokeNative(Native Method)
E/AndroidRuntime(  322): 	at java.lang.reflect.Method.invoke(Method.java:521)
E/AndroidRuntime(  322): 	at com.android.internal.os.ZygoteInit$MethodAndArgsCaller.run(ZygoteInit.java:791)
E/AndroidRuntime(  322): 	at com.android.internal.os.ZygoteInit.main(ZygoteInit.java:549)
E/AndroidRuntime(  322): 	at dalvik.system.NativeStart.main(Native Method)
E/AndroidRuntime(  322): Caused by: java.lang.ClassNotFoundException: edu.purdue.cs.sigai.speak in loader dalvik.system.PathClassLoader@43757c78
E/AndroidRuntime(  322): 	at dalvik.system.PathClassLoader.findClass(PathClassLoader.java:243)
E/AndroidRuntime(  322): 	at java.lang.ClassLoader.loadClass(ClassLoader.java:573)
E/AndroidRuntime(  322): 	at java.lang.ClassLoader.loadClass(ClassLoader.java:532)
E/AndroidRuntime(  322): 	at android.app.Instrumentation.newActivity(Instrumentation.java:1097)
E/AndroidRuntime(  322): 	at android.app.ActivityThread.performLaunchActivity(ActivityThread.java:2316)
E/AndroidRuntime(  322): 	... 11 more
I/Process (   52): Sending signal. PID: 322 SIG: 3
I/dalvikvm(  322): threadid=7: reacting to signal 3
I/dalvikvm(  322): Wrote stack trace to '/data/anr/traces.txt'
I/Process (  322): Sending signal. PID: 322 SIG: 9
I/ActivityManager(   52): Process edu.purdue.cs.sigai (pid 322) has died.
W/UsageStats(   52): Unexpected resume of com.android.launcher while already resumed in edu.purdue.cs.sigai
