W/InputManagerService(   52): Window already focused, ignoring focus gain of: com.android.internal.view.IInputMethodClient$Stub$Proxy@4380ef60
D/dalvikvm(  224): GC freed 43 objects / 2080 bytes in 85ms
D/dalvikvm(  104): GC freed 7408 objects / 404472 bytes in 129ms
D/AndroidRuntime(  333): 
D/AndroidRuntime(  333): >>>>>>>>>>>>>> AndroidRuntime START <<<<<<<<<<<<<<
D/AndroidRuntime(  333): CheckJNI is ON
D/AndroidRuntime(  333): --- registering native functions ---
I/jdwp    (  333): received file descriptor 20 from ADB
D/ddm-heap(  333): Got feature list request
D/PackageParser(   52): Scanning package: /data/app/vmdl36933.tmp
I/PackageParser(   52): Impliciting adding android.permission.WRITE_EXTERNAL_STORAGE to old pkg edu.purdue.cs.sigai
I/PackageParser(   52): Impliciting adding android.permission.READ_PHONE_STATE to old pkg edu.purdue.cs.sigai
I/PackageManager(   52): Removing non-system package:edu.purdue.cs.sigai
D/PackageManager(   52): Removing package edu.purdue.cs.sigai
D/PackageManager(   52):   Activities: edu.purdue.cs.sigai.speak
D/PackageManager(   52): Scanning package edu.purdue.cs.sigai
I/PackageManager(   52): /data/app/vmdl36933.tmp changed; unpacking
D/installd(   31): DexInv: --- BEGIN '/data/app/vmdl36933.tmp' ---
D/dalvikvm(  340): DexOpt: load 72ms, verify 76ms, opt 3ms
D/installd(   31): DexInv: --- END '/data/app/vmdl36933.tmp' (success) ---
D/PackageManager(   52):   Activities: edu.purdue.cs.sigai.speak
D/ActivityManager(   52): Uninstalling process edu.purdue.cs.sigai
I/installd(   31): move /data/dalvik-cache/data@app@vmdl36933.tmp@classes.dex -> /data/dalvik-cache/data@app@edu.purdue.cs.sigai.apk@classes.dex
D/PackageManager(   52): New package installed in /data/app/edu.purdue.cs.sigai.apk
D/AndroidRuntime(  333): Shutting down VM
D/dalvikvm(  333): DestroyJavaVM waiting for non-daemon threads to exit
D/ActivityManager(   52): Uninstalling process edu.purdue.cs.sigai
D/dalvikvm(  333): DestroyJavaVM shutting VM down
D/dalvikvm(  333): HeapWorker thread shutting down
D/dalvikvm(  333): HeapWorker thread has shut down
D/jdwp    (  333): JDWP shutting down net...
D/jdwp    (  333): Got wake-up signal, bailing out of select
I/dalvikvm(  333): Debugger has detached; object registry had 1 entries
D/dalvikvm(  333): VM cleaning up
D/dalvikvm(  333): LinearAlloc 0x0 used 665236 of 4194304 (15%)
W/ResourceType(   52): No package identifier when getting value for resource number 0x7f060000
W/ResourceType(   52): No package identifier when getting value for resource number 0x7f060001
W/ResourceType(   52): No package identifier when getting value for resource number 0x7f060000
W/ResourceType(   52): No package identifier when getting value for resource number 0x7f060001
D/dalvikvm(  107): GC freed 3074 objects / 171624 bytes in 449ms
D/HomeLoaders(  107): application intent received: android.intent.action.PACKAGE_REMOVED, replacing=true
D/HomeLoaders(  107):   --> package:edu.purdue.cs.sigai
D/HomeLoaders(  107): application intent received: android.intent.action.PACKAGE_ADDED, replacing=true
D/HomeLoaders(  107):   --> package:edu.purdue.cs.sigai
D/HomeLoaders(  107):   --> update package edu.purdue.cs.sigai
D/dalvikvm(   52): GC freed 7504 objects / 513008 bytes in 359ms
D/dalvikvm(   52): GC freed 1433 objects / 61048 bytes in 246ms
D/AndroidRuntime(  347): 
D/AndroidRuntime(  347): >>>>>>>>>>>>>> AndroidRuntime START <<<<<<<<<<<<<<
D/AndroidRuntime(  347): CheckJNI is ON
D/AndroidRuntime(  347): --- registering native functions ---
I/jdwp    (  347): received file descriptor 20 from ADB
D/ddm-heap(  347): Got feature list request
I/ActivityManager(   52): Starting activity: Intent { act=android.intent.action.MAIN cat=[android.intent.category.LAUNCHER] flg=0x10000000 cmp=edu.purdue.cs.sigai/.speak }
D/AndroidRuntime(  347): Shutting down VM
D/dalvikvm(  347): DestroyJavaVM waiting for non-daemon threads to exit
D/dalvikvm(  347): DestroyJavaVM shutting VM down
D/dalvikvm(  347): HeapWorker thread shutting down
D/dalvikvm(  347): HeapWorker thread has shut down
D/jdwp    (  347): JDWP shutting down net...
D/jdwp    (  347): +++ peer disconnected
I/dalvikvm(  347): Debugger has detached; object registry had 1 entries
D/dalvikvm(  347): VM cleaning up
I/ActivityManager(   52): Start proc edu.purdue.cs.sigai for activity edu.purdue.cs.sigai/.speak: pid=355 uid=10023 gids={1015}
D/dalvikvm(  347): LinearAlloc 0x0 used 676828 of 4194304 (16%)
I/jdwp    (  355): received file descriptor 20 from ADB
D/ddm-heap(  355): Got feature list request
D/AndroidRuntime(  355): Shutting down VM
W/dalvikvm(  355): threadid=3: thread exiting with uncaught exception (group=0x4001aa28)
E/AndroidRuntime(  355): Uncaught handler: thread main exiting due to uncaught exception
E/AndroidRuntime(  355): java.lang.RuntimeException: Unable to instantiate activity ComponentInfo{edu.purdue.cs.sigai/edu.purdue.cs.sigai.speak}: java.lang.ClassNotFoundException: edu.purdue.cs.sigai.speak in loader dalvik.system.PathClassLoader@43757c78
E/AndroidRuntime(  355): 	at android.app.ActivityThread.performLaunchActivity(ActivityThread.java:2324)
E/AndroidRuntime(  355): 	at android.app.ActivityThread.handleLaunchActivity(ActivityThread.java:2417)
E/AndroidRuntime(  355): 	at android.app.ActivityThread.access$2100(ActivityThread.java:116)
E/AndroidRuntime(  355): 	at android.app.ActivityThread$H.handleMessage(ActivityThread.java:1794)
E/AndroidRuntime(  355): 	at android.os.Handler.dispatchMessage(Handler.java:99)
E/AndroidRuntime(  355): 	at android.os.Looper.loop(Looper.java:123)
E/AndroidRuntime(  355): 	at android.app.ActivityThread.main(ActivityThread.java:4203)
E/AndroidRuntime(  355): 	at java.lang.reflect.Method.invokeNative(Native Method)
E/AndroidRuntime(  355): 	at java.lang.reflect.Method.invoke(Method.java:521)
E/AndroidRuntime(  355): 	at com.android.internal.os.ZygoteInit$MethodAndArgsCaller.run(ZygoteInit.java:791)
E/AndroidRuntime(  355): 	at com.android.internal.os.ZygoteInit.main(ZygoteInit.java:549)
E/AndroidRuntime(  355): 	at dalvik.system.NativeStart.main(Native Method)
E/AndroidRuntime(  355): Caused by: java.lang.ClassNotFoundException: edu.purdue.cs.sigai.speak in loader dalvik.system.PathClassLoader@43757c78
E/AndroidRuntime(  355): 	at dalvik.system.PathClassLoader.findClass(PathClassLoader.java:243)
E/AndroidRuntime(  355): 	at java.lang.ClassLoader.loadClass(ClassLoader.java:573)
E/AndroidRuntime(  355): 	at java.lang.ClassLoader.loadClass(ClassLoader.java:532)
E/AndroidRuntime(  355): 	at android.app.Instrumentation.newActivity(Instrumentation.java:1097)
E/AndroidRuntime(  355): 	at android.app.ActivityThread.performLaunchActivity(ActivityThread.java:2316)
E/AndroidRuntime(  355): 	... 11 more
I/Process (   52): Sending signal. PID: 355 SIG: 3
I/dalvikvm(  355): threadid=7: reacting to signal 3
I/dalvikvm(  355): Wrote stack trace to '/data/anr/traces.txt'
I/Process (  355): Sending signal. PID: 355 SIG: 9
I/ActivityManager(   52): Process edu.purdue.cs.sigai (pid 355) has died.
W/UsageStats(   52): Unexpected resume of com.android.launcher while already resumed in edu.purdue.cs.sigai
W/InputManagerService(   52): Window already focused, ignoring focus gain of: com.android.internal.view.IInputMethodClient$Stub$Proxy@43764fc8
D/AndroidRuntime(  364): 
D/AndroidRuntime(  364): >>>>>>>>>>>>>> AndroidRuntime START <<<<<<<<<<<<<<
D/AndroidRuntime(  364): CheckJNI is ON
D/AndroidRuntime(  364): --- registering native functions ---
I/jdwp    (  364): received file descriptor 20 from ADB
D/ddm-heap(  364): Got feature list request
D/AndroidRuntime(  364): Shutting down VM
D/dalvikvm(  364): DestroyJavaVM waiting for non-daemon threads to exit
D/dalvikvm(  364): DestroyJavaVM shutting VM down
D/dalvikvm(  364): HeapWorker thread shutting down
D/dalvikvm(  364): HeapWorker thread has shut down
D/jdwp    (  364): JDWP shutting down net...
D/jdwp    (  364): +++ peer disconnected
I/dalvikvm(  364): Debugger has detached; object registry had 1 entries
D/dalvikvm(  364): VM cleaning up
D/dalvikvm(  364): LinearAlloc 0x0 used 665652 of 4194304 (15%)
D/AndroidRuntime(  374): 
D/AndroidRuntime(  374): >>>>>>>>>>>>>> AndroidRuntime START <<<<<<<<<<<<<<
D/AndroidRuntime(  374): CheckJNI is ON
D/AndroidRuntime(  374): --- registering native functions ---
I/jdwp    (  374): received file descriptor 20 from ADB
D/ddm-heap(  374): Got feature list request
D/ActivityManager(   52): Uninstalling process edu.purdue.cs.sigai
I/ActivityManager(   52): Starting activity: Intent { act=android.intent.action.MAIN cat=[android.intent.category.LAUNCHER] flg=0x10000000 cmp=edu.purdue.cs.sigai/.speak }
D/AndroidRuntime(  374): Shutting down VM
D/dalvikvm(  374): DestroyJavaVM waiting for non-daemon threads to exit
D/dalvikvm(  374): DestroyJavaVM shutting VM down
D/dalvikvm(  374): HeapWorker thread shutting down
D/dalvikvm(  374): HeapWorker thread has shut down
D/jdwp    (  374): JDWP shutting down net...
D/jdwp    (  374): +++ peer disconnected
I/dalvikvm(  374): Debugger has detached; object registry had 1 entries
D/dalvikvm(  374): VM cleaning up
D/dalvikvm(  374): LinearAlloc 0x0 used 676828 of 4194304 (16%)
I/ActivityManager(   52): Start proc edu.purdue.cs.sigai for activity edu.purdue.cs.sigai/.speak: pid=382 uid=10023 gids={1015}
I/jdwp    (  382): received file descriptor 20 from ADB
D/ddm-heap(  382): Got feature list request
W/ActivityThread(  382): Application edu.purdue.cs.sigai is waiting for the debugger on port 8100...
I/System.out(  382): Sending WAIT chunk
I/dalvikvm(  382): Debugger is active
I/System.out(  382): Debugger has connected
I/System.out(  382): waiting for debugger to settle...
I/System.out(  382): waiting for debugger to settle...
I/System.out(  382): waiting for debugger to settle...
I/System.out(  382): waiting for debugger to settle...
I/System.out(  382): waiting for debugger to settle...
I/System.out(  382): waiting for debugger to settle...
I/System.out(  382): waiting for debugger to settle...
I/System.out(  382): waiting for debugger to settle...
I/System.out(  382): waiting for debugger to settle...
I/System.out(  382): waiting for debugger to settle...
I/System.out(  382): waiting for debugger to settle...
I/System.out(  382): waiting for debugger to settle...
I/System.out(  382): waiting for debugger to settle...
I/System.out(  382): waiting for debugger to settle...
I/System.out(  382): waiting for debugger to settle...
I/System.out(  382): debugger has settled (1337)
W/ActivityManager(   52): Launch timeout has expired, giving up wake lock!
W/ActivityManager(   52): Activity idle timeout for HistoryRecord{4383f4c0 edu.purdue.cs.sigai/.speak}
D/dalvikvm(  107): GC freed 3138 objects / 175112 bytes in 103ms
